PASS src/__tests__/supabase.test.tsx
FAIL src/__tests__/map.test.tsx
  ● Console

    console.error
      An update to InteractiveMap inside a test was not wrapped in act(...).
      
      When testing, code that causes React state updates should be wrapped into act(...):
      
      act(() => {
        /* fire events that update state */
      });
      /* assert on the output */
      
      This ensures that you're testing the behavior the user would see in the browser. Learn more at https://react.dev/link/wrap-tests-with-act

      193 |           setVenues(MOCK_VENUES)
      194 |         } else {
    > 195 |           setVenues(formatted)
          |           ^
      196 |         }
      197 |       } catch (err) {
      198 |         console.warn('Unexpected error connecting to Supabase. Falling back to local mock venues.', err)

      at node_modules/react-dom/cjs/react-dom-client.development.js:18758:19
      at runWithFiberInDEV (node_modules/react-dom/cjs/react-dom-client.development.js:874:13)
      at warnIfUpdatesNotWrappedWithActDEV (node_modules/react-dom/cjs/react-dom-client.development.js:18757:9)
      at scheduleUpdateOnFiber (node_modules/react-dom/cjs/react-dom-client.development.js:16409:11)
      at dispatchSetStateInternal (node_modules/react-dom/cjs/react-dom-client.development.js:9170:13)
      at dispatchSetState (node_modules/react-dom/cjs/react-dom-client.development.js:9127:7)
      at setVenues (src/components/InteractiveMap.tsx:195:11)

    console.error
      An update to InteractiveMap inside a test was not wrapped in act(...).
      
      When testing, code that causes React state updates should be wrapped into act(...):
      
      act(() => {
        /* fire events that update state */
      });
      /* assert on the output */
      
      This ensures that you're testing the behavior the user would see in the browser. Learn more at https://react.dev/link/wrap-tests-with-act

      199 |         setVenues(MOCK_VENUES)
      200 |       } finally {
    > 201 |         setLoading(false)
          |         ^
      202 |       }
      203 |     }
      204 |

      at node_modules/react-dom/cjs/react-dom-client.development.js:18758:19
      at runWithFiberInDEV (node_modules/react-dom/cjs/react-dom-client.development.js:874:13)
      at warnIfUpdatesNotWrappedWithActDEV (node_modules/react-dom/cjs/react-dom-client.development.js:18757:9)
      at scheduleUpdateOnFiber (node_modules/react-dom/cjs/react-dom-client.development.js:16409:11)
      at dispatchSetStateInternal (node_modules/react-dom/cjs/react-dom-client.development.js:9170:13)
      at dispatchSetState (node_modules/react-dom/cjs/react-dom-client.development.js:9127:7)
      at setLoading (src/components/InteractiveMap.tsx:201:9)

    console.error
      An update to InteractiveMap inside a test was not wrapped in act(...).
      
      When testing, code that causes React state updates should be wrapped into act(...):
      
      act(() => {
        /* fire events that update state */
      });
      /* assert on the output */
      
      This ensures that you're testing the behavior the user would see in the browser. Learn more at https://react.dev/link/wrap-tests-with-act

      193 |           setVenues(MOCK_VENUES)
      194 |         } else {
    > 195 |           setVenues(formatted)
          |           ^
      196 |         }
      197 |       } catch (err) {
      198 |         console.warn('Unexpected error connecting to Supabase. Falling back to local mock venues.', err)

      at node_modules/react-dom/cjs/react-dom-client.development.js:18758:19
      at runWithFiberInDEV (node_modules/react-dom/cjs/react-dom-client.development.js:874:13)
      at warnIfUpdatesNotWrappedWithActDEV (node_modules/react-dom/cjs/react-dom-client.development.js:18757:9)
      at scheduleUpdateOnFiber (node_modules/react-dom/cjs/react-dom-client.development.js:16409:11)
      at dispatchSetStateInternal (node_modules/react-dom/cjs/react-dom-client.development.js:9170:13)
      at dispatchSetState (node_modules/react-dom/cjs/react-dom-client.development.js:9127:7)
      at setVenues (src/components/InteractiveMap.tsx:195:11)

    console.error
      An update to InteractiveMap inside a test was not wrapped in act(...).
      
      When testing, code that causes React state updates should be wrapped into act(...):
      
      act(() => {
        /* fire events that update state */
      });
      /* assert on the output */
      
      This ensures that you're testing the behavior the user would see in the browser. Learn more at https://react.dev/link/wrap-tests-with-act

      199 |         setVenues(MOCK_VENUES)
      200 |       } finally {
    > 201 |         setLoading(false)
          |         ^
      202 |       }
      203 |     }
      204 |

      at node_modules/react-dom/cjs/react-dom-client.development.js:18758:19
      at runWithFiberInDEV (node_modules/react-dom/cjs/react-dom-client.development.js:874:13)
      at warnIfUpdatesNotWrappedWithActDEV (node_modules/react-dom/cjs/react-dom-client.development.js:18757:9)
      at scheduleUpdateOnFiber (node_modules/react-dom/cjs/react-dom-client.development.js:16409:11)
      at dispatchSetStateInternal (node_modules/react-dom/cjs/react-dom-client.development.js:9170:13)
      at dispatchSetState (node_modules/react-dom/cjs/react-dom-client.development.js:9127:7)
      at setLoading (src/components/InteractiveMap.tsx:201:9)

  ● Home Page with Map Integration › renders the floating brand card with El Meeple and tagline

    TestingLibraryElementError: Unable to find an accessible element with the role "heading" and name `/El Meeple/i`

    Here are the accessible roles:

      banner:

      Name "":
      [36m<header[39m
        [33mclass[39m=[32m"sticky top-0 z-50 w-full bg-[#F5F0E9]/80 backdrop-blur-md border-b border-[#3A3A3A]/10 shadow-sm px-4 md:px-8 py-3 flex items-center justify-between"[39m
      [36m/>[39m

      --------------------------------------------------
      link:

      Name "El Meeple":
      [36m<a[39m
        [33mclass[39m=[32m"flex items-center gap-2.5 hover:opacity-90 transition-opacity"[39m
        [33mhref[39m=[32m"/"[39m
      [36m/>[39m

      Name "¿Eres propietario? Registrar mi Local":
      [36m<a[39m
        [33mclass[39m=[32m"block text-xs font-bold text-[#8367C7] hover:underline text-center cursor-pointer"[39m
        [33mhref[39m=[32m"/onboarding"[39m
      [36m/>[39m

      --------------------------------------------------
      button:

      Name "User Menu":
      [36m<button[39m
        [33maria-label[39m=[32m"User Menu"[39m
        [33mclass[39m=[32m"w-10 h-10 rounded-full bg-[#8367C7] hover:bg-[#6f53b3] text-[#F5F0E9] font-black text-sm flex items-center justify-center cursor-pointer shadow-md border-2 border-white transition-all"[39m
      [36m/>[39m

      Name "Todos":
      [36m<button[39m
        [33mclass[39m=[32m"px-3 py-1 text-xs font-bold rounded-full border transition-all duration-150 cursor-pointer whitespace-nowrap bg-[#8367C7] border-[#8367C7] text-[#F5F0E9] shadow-sm"[39m
      [36m/>[39m

      Name "Cafés":
      [36m<button[39m
        [33mclass[39m=[32m"px-3 py-1 text-xs font-bold rounded-full border transition-all duration-150 cursor-pointer whitespace-nowrap bg-white border-[#3A3A3A]/20 text-[#3A3A3A] hover:border-[#8367C7]/50"[39m
      [36m/>[39m

      Name "Tiendas":
      [36m<button[39m
        [33mclass[39m=[32m"px-3 py-1 text-xs font-bold rounded-full border transition-all duration-150 cursor-pointer whitespace-nowrap bg-white border-[#3A3A3A]/20 text-[#3A3A3A] hover:border-[#8367C7]/50"[39m
      [36m/>[39m

      Name "Híbridos":
      [36m<button[39m
        [33mclass[39m=[32m"px-3 py-1 text-xs font-bold rounded-full border transition-all duration-150 cursor-pointer whitespace-nowrap bg-white border-[#3A3A3A]/20 text-[#3A3A3A] hover:border-[#8367C7]/50"[39m
      [36m/>[39m

      --------------------------------------------------
      main:

      Name "":
      [36m<main[39m
        [33mclass[39m=[32m"flex-1 relative overflow-hidden"[39m
      [36m/>[39m

      --------------------------------------------------
      textbox:

      Name "":
      [36m<input[39m
        [33mclass[39m=[32m"w-full px-10 py-2.5 bg-white text-[#3A3A3A] border border-[#3A3A3A]/25 rounded-xl focus:outline-none focus:ring-2 focus:ring-[#8367C7]/50 focus:border-[#8367C7] text-sm shadow-inner"[39m
        [33mplaceholder[39m=[32m"Buscar dirección o zona..."[39m
        [33mtype[39m=[32m"text"[39m
        [33mvalue[39m=[32m""[39m
      [36m/>[39m

      Name "":
      [36m<input[39m
        [33mclass[39m=[32m"w-full px-4 py-2.5 bg-white text-[#3A3A3A] border border-[#3A3A3A]/25 rounded-xl focus:outline-none focus:ring-2 focus:ring-[#8367C7]/50 focus:border-[#8367C7] text-sm shadow-inner"[39m
        [33mplaceholder[39m=[32m"Buscar locales..."[39m
        [33mtype[39m=[32m"text"[39m
        [33mvalue[39m=[32m""[39m
      [36m/>[39m

      --------------------------------------------------
      img:

      Name "pin":
      [36m<span[39m
        [33maria-label[39m=[32m"pin"[39m
        [33mclass[39m=[32m"absolute left-3.5 text-[#3A3A3A]/40 text-sm pointer-events-none"[39m
        [33mrole[39m=[32m"img"[39m
      [36m/>[39m

      --------------------------------------------------

    Ignored nodes: comments, script, style
    [36m<body>[39m
      [36m<div>[39m
        [36m<div[39m
          [33mclass[39m=[32m"flex flex-col h-screen w-screen overflow-hidden bg-[#F5F0E9]"[39m
        [36m>[39m
          [36m<header[39m
            [33mclass[39m=[32m"sticky top-0 z-50 w-full bg-[#F5F0E9]/80 backdrop-blur-md border-b border-[#3A3A3A]/10 shadow-sm px-4 md:px-8 py-3 flex items-center justify-between"[39m
          [36m>[39m
            [36m<a[39m
              [33mclass[39m=[32m"flex items-center gap-2.5 hover:opacity-90 transition-opacity"[39m
              [33mhref[39m=[32m"/"[39m
            [36m>[39m
              [36m<svg[39m
                [33mclass[39m=[32m"w-6 h-6 text-[#8367C7] flex-shrink-0"[39m
                [33mfill[39m=[32m"currentColor"[39m
                [33mviewBox[39m=[32m"0 0 24 24"[39m
                [33mxmlns[39m=[32m"http://www.w3.org/2000/svg"[39m
              [36m>[39m
                [36m<circle[39m
                  [33mcx[39m=[32m"12"[39m
                  [33mcy[39m=[32m"4.5"[39m
                  [33mr[39m=[32m"2.75"[39m
                [36m/>[39m
                [36m<path[39m
                  [33md[39m=[32m"M12,8.5 c-2.5,0 -4.5,1.2 -5.5,3.5 L4.3,16.8 c-0.4,0.8 0.2,1.7 1.1,1.7 h2.1 v4.3 c0,0.7 0.6,1.2 1.3,1.2 h1.7 l1.5,-4.5 1.5,4.5 h1.7 c0.7,0,1.3,-0.5 1.3,-1.2 v-4.3 h2.1 c0.9,0 1.5,-0.9 1.1,-1.7 l-2.2,-4.8 c-1,-2.3 -3,-3.5 -5.5,-3.5 z"[39m
                [36m/>[39m
              [36m</svg>[39m
              [36m<span[39m
                [33mclass[39m=[32m"text-lg md:text-xl font-black text-[#3A3A3A] tracking-tight"[39m
              [36m>[39m
                [0mEl Meeple[0m
              [36m</span>[39m
            [36m</a>[39m
            [36m<div[39m
              [33mclass[39m=[32m"flex items-center gap-4"[39m
            [36m>[39m
              [36m<div[39m
                [33mclass[39m=[32m"relative"[39m
              [36m>[39m
                [36m<button[39m
                  [33maria-label[39m=[32m"User Menu"[39m
                  [33mclass[39m=[32m"w-10 h-10 rounded-full bg-[#8367C7] hover:bg-[#6f53b3] text-[#F5F0E9] font-black text-sm flex items-center justify-center cursor-pointer shadow-md border-2 border-white transition-all"[39m
                [36m>[39m
                  [0mPO[0m
                [36m</button>[39m
              [36m</div>[39m
            [36m</div>[39m
          [36m</header>[39m
          [36m<main[39m
            [33mclass[39m=[32m"flex-1 relative overflow-hidden"[39m
          [36m>[39m
            [36m<div[39m
              [33mclass[39m=[32m"relative w-full h-full overflow-hidden bg-[#F5F0E9]"[39m
            [36m>[39m
              [36m<div[39m
                [33mclass[39m=[32m"absolute inset-0 w-full h-full z-0"[39m
              [36m>[39m
                [36m<div[39m
                  [33mdata-testid[39m=[32m"mock-map-container"[39m
                [36m/>[39m
              [36m</div>[39m
              [36m<div[39m
                [33mclass[39m=[32m"absolute top-0 left-0 w-full md:w-96 h-auto md:h-full bg-[#F5F0E9] text-[#3A3A3A] z-10 border-b md:border-b-0 md:border-r border-[#3A3A3A]/10 shadow-2xl flex flex-col transition-all duration-300 backdrop-blur-md bg-opacity-95 flex"[39m
              [36m>[39m
                [36m<div[39m
                  [33mclass[39m=[32m"p-4 md:px-6 md:py-4 flex flex-col gap-3 border-b border-[#3A3A3A]/5 text-sm"[39m
                [36m>[39m
                  [36m<div[39m
                    [33mclass[39m=[32m"relative w-full"[39m
                  [36m>[39m
                    [36m<div[39m
                      [33mclass[39m=[32m"relative flex items-center"[39m
                    [36m>[39m
                      [36m<input[39m
                        [33mclass[39m=[32m"w-full px-10 py-2.5 bg-white text-[#3A3A3A] border border-[#3A3A3A]/25 rounded-xl focus:outline-none focus:ring-2 focus:ring-[#8367C7]/50 focus:border-[#8367C7] text-sm shadow-inner"[39m
                        [33mplaceholder[39m=[32m"Buscar dirección o zona..."[39m
                        [33mtype[39m=[32m"text"[39m
                        [33mvalue[39m=[32m""[39m
                      [36m/>[39m
                      [36m<span[39m
                        [33maria-label[39m=[32m"pin"[39m
                        [33mclass[39m=[32m"absolute left-3.5 text-[#3A3A3A]/40 text-sm pointer-events-none"[39m
                        [33mrole[39m=[32m"img"[39m
                      [36m>[39m
                        [0m📍[0m
                      [36m</span>[39m
                    [36m</div>[39m
                  [36m</div>[39m
                  [36m<div[39m
                    [33mclass[39m=[32m"relative"[39m
                  [36m>[39m
                    [36m<input[39m
                      [33mclass[39m=[32m"w-full px-4 py-2.5 bg-white text-[#3A3A3A] border border-[#3A3A3A]/25 rounded-xl focus:outline-none focus:ring-2 focus:ring-[#8367C7]/50 focus:border-[#8367C7] text-sm shadow-inner"[39m
                      [33mplaceholder[39m=[32m"Buscar locales..."[39m
                      [33mtype[39m=[32m"text"[39m
                      [33mvalue[39m=[32m""[39m
                    [36m/>[39m
                  [36m</div>[39m
                  [36m<div[39m
                    [33mclass[39m=[32m"flex gap-2 overflow-x-auto pb-1 scrollbar-none"[39m
                  [36m>[39m
                    [36m<button[39m
                      [33mclass[39m=[32m"px-3 py-1 text-xs font-bold rounded-full border transition-all duration-150 cursor-pointer whitespace-nowrap bg-[#8367C7] border-[#8367C7] text-[#F5F0E9] shadow-sm"[39m
                    [36m>[39m
                      [0mTodos[0m
                    [36m</button>[39m
                    [36m<button[39m
                      [33mclass[39m=[32m"px-3 py-1 text-xs font-bold rounded-full border transition-all duration-150 cursor-pointer whitespace-nowrap bg-white border-[#3A3A3A]/20 text-[#3A3A3A] hover:border-[#8367C7]/50"[39m
                    [36m>[39m
                      [0mCafés[0m
                    [36m</button>[39m
                    [36m<button[39m
                      [33mclass[39m=[32m"px-3 py-1 text-xs font-bold rounded-full border transition-all duration-150 cursor-pointer whitespace-nowrap bg-white border-[#3A3A3A]/20 text-[#3A3A3A] hover:border-[#8367C7]/50"[39m
                    [36m>[39m
                      [0mTiendas[0m
                    [36m</button>[39m
                    [36m<button[39m
                      [33mclass[39m=[32m"px-3 py-1 text-xs font-bold rounded-full border transition-all duration-150 cursor-pointer whitespace-nowrap bg-white border-[#3A3A3A]/20 text-[#3A3A3A] hover:border-[#8367C7]/50"[39m
                    [36m>[39m
                      [0mHíbridos[0m
                    [36m</button>[39m
                  [36m</div>[39m
                [36m</div>[39m
                [36m<div[39m
                  [33mclass[39m=[32m"flex-1 overflow-y-auto p-4 md:p-6 flex flex-col gap-3 max-h-[40vh] md:max-h-none"[39m
                  [33mdata-testid[39m=[32m"venue-list"[39m
                [36m>[39m
                  [36m<div[39m
                    [33mclass[39m=[32m"text-center py-8"[39m
                  [36m>[39m
                    [36m<span[39m
                      [33mclass[39m=[32m"text-sm font-semibold text-[#8367C7] animate-pulse"[39m
                    [36m>[39m
                      [0mCargando locales...[0m
                    [36m</span>[39m
                  [36m</div>[39m
                [36m</div>[39m
                [36m<div[39m
                  [33mclass[39m=[32m"hidden md:block p-4 bg-[#F5F0E9]/50 border-t border-[#3A3A3A]/5"[39m
                [36m>[39m
                  [36m<a[39m
                    [33mclass[39m=[32m"block text-xs font-bold text-[#8367C7] hover:underline text-center cursor-pointer"[39m
                    [33mhref[39m=[32m"/onboarding"[39m
                  [36m>[39m
                    [0m¿Eres propietario? Registrar mi Local[0m
                  [36m</a>[39m
                [36m</div>[39m
              [36m</div>[39m
            [36m</div>[39m
          [36m</main>[39m
        [36m</div>[39m
      [36m</div>[39m
    [36m</body>[39m

      33 |   it('renders the floating brand card with El Meeple and tagline', () => {
      34 |     render(<Home />)
    > 35 |     expect(screen.getByRole('heading', { name: /El Meeple/i })).toBeInTheDocument()
         |                   ^
      36 |     expect(screen.getByText(/¿Dónde jugamos hoy\?/i)).toBeInTheDocument()
      37 |   })
      38 | })

      at Object.getElementError (node_modules/@testing-library/dom/dist/config.js:37:19)
      at node_modules/@testing-library/dom/dist/query-helpers.js:76:38
      at node_modules/@testing-library/dom/dist/query-helpers.js:52:17
      at node_modules/@testing-library/dom/dist/query-helpers.js:95:19
      at Object.getByRole (src/__tests__/map.test.tsx:35:19)

FAIL src/__tests__/page.test.tsx
  ● Console

    console.error
      An update to InteractiveMap inside a test was not wrapped in act(...).
      
      When testing, code that causes React state updates should be wrapped into act(...):
      
      act(() => {
        /* fire events that update state */
      });
      /* assert on the output */
      
      This ensures that you're testing the behavior the user would see in the browser. Learn more at https://react.dev/link/wrap-tests-with-act

      193 |           setVenues(MOCK_VENUES)
      194 |         } else {
    > 195 |           setVenues(formatted)
          |           ^
      196 |         }
      197 |       } catch (err) {
      198 |         console.warn('Unexpected error connecting to Supabase. Falling back to local mock venues.', err)

      at node_modules/react-dom/cjs/react-dom-client.development.js:18758:19
      at runWithFiberInDEV (node_modules/react-dom/cjs/react-dom-client.development.js:874:13)
      at warnIfUpdatesNotWrappedWithActDEV (node_modules/react-dom/cjs/react-dom-client.development.js:18757:9)
      at scheduleUpdateOnFiber (node_modules/react-dom/cjs/react-dom-client.development.js:16409:11)
      at dispatchSetStateInternal (node_modules/react-dom/cjs/react-dom-client.development.js:9170:13)
      at dispatchSetState (node_modules/react-dom/cjs/react-dom-client.development.js:9127:7)
      at setVenues (src/components/InteractiveMap.tsx:195:11)

    console.error
      An update to InteractiveMap inside a test was not wrapped in act(...).
      
      When testing, code that causes React state updates should be wrapped into act(...):
      
      act(() => {
        /* fire events that update state */
      });
      /* assert on the output */
      
      This ensures that you're testing the behavior the user would see in the browser. Learn more at https://react.dev/link/wrap-tests-with-act

      199 |         setVenues(MOCK_VENUES)
      200 |       } finally {
    > 201 |         setLoading(false)
          |         ^
      202 |       }
      203 |     }
      204 |

      at node_modules/react-dom/cjs/react-dom-client.development.js:18758:19
      at runWithFiberInDEV (node_modules/react-dom/cjs/react-dom-client.development.js:874:13)
      at warnIfUpdatesNotWrappedWithActDEV (node_modules/react-dom/cjs/react-dom-client.development.js:18757:9)
      at scheduleUpdateOnFiber (node_modules/react-dom/cjs/react-dom-client.development.js:16409:11)
      at dispatchSetStateInternal (node_modules/react-dom/cjs/react-dom-client.development.js:9170:13)
      at dispatchSetState (node_modules/react-dom/cjs/react-dom-client.development.js:9127:7)
      at setLoading (src/components/InteractiveMap.tsx:201:9)

    console.error
      An update to InteractiveMap inside a test was not wrapped in act(...).
      
      When testing, code that causes React state updates should be wrapped into act(...):
      
      act(() => {
        /* fire events that update state */
      });
      /* assert on the output */
      
      This ensures that you're testing the behavior the user would see in the browser. Learn more at https://react.dev/link/wrap-tests-with-act

      193 |           setVenues(MOCK_VENUES)
      194 |         } else {
    > 195 |           setVenues(formatted)
          |           ^
      196 |         }
      197 |       } catch (err) {
      198 |         console.warn('Unexpected error connecting to Supabase. Falling back to local mock venues.', err)

      at node_modules/react-dom/cjs/react-dom-client.development.js:18758:19
      at runWithFiberInDEV (node_modules/react-dom/cjs/react-dom-client.development.js:874:13)
      at warnIfUpdatesNotWrappedWithActDEV (node_modules/react-dom/cjs/react-dom-client.development.js:18757:9)
      at scheduleUpdateOnFiber (node_modules/react-dom/cjs/react-dom-client.development.js:16409:11)
      at dispatchSetStateInternal (node_modules/react-dom/cjs/react-dom-client.development.js:9170:13)
      at dispatchSetState (node_modules/react-dom/cjs/react-dom-client.development.js:9127:7)
      at setVenues (src/components/InteractiveMap.tsx:195:11)

    console.error
      An update to InteractiveMap inside a test was not wrapped in act(...).
      
      When testing, code that causes React state updates should be wrapped into act(...):
      
      act(() => {
        /* fire events that update state */
      });
      /* assert on the output */
      
      This ensures that you're testing the behavior the user would see in the browser. Learn more at https://react.dev/link/wrap-tests-with-act

      199 |         setVenues(MOCK_VENUES)
      200 |       } finally {
    > 201 |         setLoading(false)
          |         ^
      202 |       }
      203 |     }
      204 |

      at node_modules/react-dom/cjs/react-dom-client.development.js:18758:19
      at runWithFiberInDEV (node_modules/react-dom/cjs/react-dom-client.development.js:874:13)
      at warnIfUpdatesNotWrappedWithActDEV (node_modules/react-dom/cjs/react-dom-client.development.js:18757:9)
      at scheduleUpdateOnFiber (node_modules/react-dom/cjs/react-dom-client.development.js:16409:11)
      at dispatchSetStateInternal (node_modules/react-dom/cjs/react-dom-client.development.js:9170:13)
      at dispatchSetState (node_modules/react-dom/cjs/react-dom-client.development.js:9127:7)
      at setLoading (src/components/InteractiveMap.tsx:201:9)

  ● Home Page › renders the main heading "El Meeple"

    TestingLibraryElementError: Unable to find an accessible element with the role "heading"

    Here are the accessible roles:

      banner:

      Name "":
      [36m<header[39m
        [33mclass[39m=[32m"sticky top-0 z-50 w-full bg-[#F5F0E9]/80 backdrop-blur-md border-b border-[#3A3A3A]/10 shadow-sm px-4 md:px-8 py-3 flex items-center justify-between"[39m
      [36m/>[39m

      --------------------------------------------------
      link:

      Name "El Meeple":
      [36m<a[39m
        [33mclass[39m=[32m"flex items-center gap-2.5 hover:opacity-90 transition-opacity"[39m
        [33mhref[39m=[32m"/"[39m
      [36m/>[39m

      Name "¿Eres propietario? Registrar mi Local":
      [36m<a[39m
        [33mclass[39m=[32m"block text-xs font-bold text-[#8367C7] hover:underline text-center cursor-pointer"[39m
        [33mhref[39m=[32m"/onboarding"[39m
      [36m/>[39m

      --------------------------------------------------
      button:

      Name "User Menu":
      [36m<button[39m
        [33maria-label[39m=[32m"User Menu"[39m
        [33mclass[39m=[32m"w-10 h-10 rounded-full bg-[#8367C7] hover:bg-[#6f53b3] text-[#F5F0E9] font-black text-sm flex items-center justify-center cursor-pointer shadow-md border-2 border-white transition-all"[39m
      [36m/>[39m

      Name "Todos":
      [36m<button[39m
        [33mclass[39m=[32m"px-3 py-1 text-xs font-bold rounded-full border transition-all duration-150 cursor-pointer whitespace-nowrap bg-[#8367C7] border-[#8367C7] text-[#F5F0E9] shadow-sm"[39m
      [36m/>[39m

      Name "Cafés":
      [36m<button[39m
        [33mclass[39m=[32m"px-3 py-1 text-xs font-bold rounded-full border transition-all duration-150 cursor-pointer whitespace-nowrap bg-white border-[#3A3A3A]/20 text-[#3A3A3A] hover:border-[#8367C7]/50"[39m
      [36m/>[39m

      Name "Tiendas":
      [36m<button[39m
        [33mclass[39m=[32m"px-3 py-1 text-xs font-bold rounded-full border transition-all duration-150 cursor-pointer whitespace-nowrap bg-white border-[#3A3A3A]/20 text-[#3A3A3A] hover:border-[#8367C7]/50"[39m
      [36m/>[39m

      Name "Híbridos":
      [36m<button[39m
        [33mclass[39m=[32m"px-3 py-1 text-xs font-bold rounded-full border transition-all duration-150 cursor-pointer whitespace-nowrap bg-white border-[#3A3A3A]/20 text-[#3A3A3A] hover:border-[#8367C7]/50"[39m
      [36m/>[39m

      --------------------------------------------------
      main:

      Name "":
      [36m<main[39m
        [33mclass[39m=[32m"flex-1 relative overflow-hidden"[39m
      [36m/>[39m

      --------------------------------------------------
      textbox:

      Name "":
      [36m<input[39m
        [33mclass[39m=[32m"w-full px-10 py-2.5 bg-white text-[#3A3A3A] border border-[#3A3A3A]/25 rounded-xl focus:outline-none focus:ring-2 focus:ring-[#8367C7]/50 focus:border-[#8367C7] text-sm shadow-inner"[39m
        [33mplaceholder[39m=[32m"Buscar dirección o zona..."[39m
        [33mtype[39m=[32m"text"[39m
        [33mvalue[39m=[32m""[39m
      [36m/>[39m

      Name "":
      [36m<input[39m
        [33mclass[39m=[32m"w-full px-4 py-2.5 bg-white text-[#3A3A3A] border border-[#3A3A3A]/25 rounded-xl focus:outline-none focus:ring-2 focus:ring-[#8367C7]/50 focus:border-[#8367C7] text-sm shadow-inner"[39m
        [33mplaceholder[39m=[32m"Buscar locales..."[39m
        [33mtype[39m=[32m"text"[39m
        [33mvalue[39m=[32m""[39m
      [36m/>[39m

      --------------------------------------------------
      img:

      Name "pin":
      [36m<span[39m
        [33maria-label[39m=[32m"pin"[39m
        [33mclass[39m=[32m"absolute left-3.5 text-[#3A3A3A]/40 text-sm pointer-events-none"[39m
        [33mrole[39m=[32m"img"[39m
      [36m/>[39m

      --------------------------------------------------

    Ignored nodes: comments, script, style
    [36m<body>[39m
      [36m<div>[39m
        [36m<div[39m
          [33mclass[39m=[32m"flex flex-col h-screen w-screen overflow-hidden bg-[#F5F0E9]"[39m
        [36m>[39m
          [36m<header[39m
            [33mclass[39m=[32m"sticky top-0 z-50 w-full bg-[#F5F0E9]/80 backdrop-blur-md border-b border-[#3A3A3A]/10 shadow-sm px-4 md:px-8 py-3 flex items-center justify-between"[39m
          [36m>[39m
            [36m<a[39m
              [33mclass[39m=[32m"flex items-center gap-2.5 hover:opacity-90 transition-opacity"[39m
              [33mhref[39m=[32m"/"[39m
            [36m>[39m
              [36m<svg[39m
                [33mclass[39m=[32m"w-6 h-6 text-[#8367C7] flex-shrink-0"[39m
                [33mfill[39m=[32m"currentColor"[39m
                [33mviewBox[39m=[32m"0 0 24 24"[39m
                [33mxmlns[39m=[32m"http://www.w3.org/2000/svg"[39m
              [36m>[39m
                [36m<circle[39m
                  [33mcx[39m=[32m"12"[39m
                  [33mcy[39m=[32m"4.5"[39m
                  [33mr[39m=[32m"2.75"[39m
                [36m/>[39m
                [36m<path[39m
                  [33md[39m=[32m"M12,8.5 c-2.5,0 -4.5,1.2 -5.5,3.5 L4.3,16.8 c-0.4,0.8 0.2,1.7 1.1,1.7 h2.1 v4.3 c0,0.7 0.6,1.2 1.3,1.2 h1.7 l1.5,-4.5 1.5,4.5 h1.7 c0.7,0,1.3,-0.5 1.3,-1.2 v-4.3 h2.1 c0.9,0 1.5,-0.9 1.1,-1.7 l-2.2,-4.8 c-1,-2.3 -3,-3.5 -5.5,-3.5 z"[39m
                [36m/>[39m
              [36m</svg>[39m
              [36m<span[39m
                [33mclass[39m=[32m"text-lg md:text-xl font-black text-[#3A3A3A] tracking-tight"[39m
              [36m>[39m
                [0mEl Meeple[0m
              [36m</span>[39m
            [36m</a>[39m
            [36m<div[39m
              [33mclass[39m=[32m"flex items-center gap-4"[39m
            [36m>[39m
              [36m<div[39m
                [33mclass[39m=[32m"relative"[39m
              [36m>[39m
                [36m<button[39m
                  [33maria-label[39m=[32m"User Menu"[39m
                  [33mclass[39m=[32m"w-10 h-10 rounded-full bg-[#8367C7] hover:bg-[#6f53b3] text-[#F5F0E9] font-black text-sm flex items-center justify-center cursor-pointer shadow-md border-2 border-white transition-all"[39m
                [36m>[39m
                  [0mPO[0m
                [36m</button>[39m
              [36m</div>[39m
            [36m</div>[39m
          [36m</header>[39m
          [36m<main[39m
            [33mclass[39m=[32m"flex-1 relative overflow-hidden"[39m
          [36m>[39m
            [36m<div[39m
              [33mclass[39m=[32m"relative w-full h-full overflow-hidden bg-[#F5F0E9]"[39m
            [36m>[39m
              [36m<div[39m
                [33mclass[39m=[32m"absolute inset-0 w-full h-full z-0"[39m
              [36m>[39m
                [36m<div[39m
                  [33mdata-testid[39m=[32m"mock-map-container"[39m
                [36m/>[39m
              [36m</div>[39m
              [36m<div[39m
                [33mclass[39m=[32m"absolute top-0 left-0 w-full md:w-96 h-auto md:h-full bg-[#F5F0E9] text-[#3A3A3A] z-10 border-b md:border-b-0 md:border-r border-[#3A3A3A]/10 shadow-2xl flex flex-col transition-all duration-300 backdrop-blur-md bg-opacity-95 flex"[39m
              [36m>[39m
                [36m<div[39m
                  [33mclass[39m=[32m"p-4 md:px-6 md:py-4 flex flex-col gap-3 border-b border-[#3A3A3A]/5 text-sm"[39m
                [36m>[39m
                  [36m<div[39m
                    [33mclass[39m=[32m"relative w-full"[39m
                  [36m>[39m
                    [36m<div[39m
                      [33mclass[39m=[32m"relative flex items-center"[39m
                    [36m>[39m
                      [36m<input[39m
                        [33mclass[39m=[32m"w-full px-10 py-2.5 bg-white text-[#3A3A3A] border border-[#3A3A3A]/25 rounded-xl focus:outline-none focus:ring-2 focus:ring-[#8367C7]/50 focus:border-[#8367C7] text-sm shadow-inner"[39m
                        [33mplaceholder[39m=[32m"Buscar dirección o zona..."[39m
                        [33mtype[39m=[32m"text"[39m
                        [33mvalue[39m=[32m""[39m
                      [36m/>[39m
                      [36m<span[39m
                        [33maria-label[39m=[32m"pin"[39m
                        [33mclass[39m=[32m"absolute left-3.5 text-[#3A3A3A]/40 text-sm pointer-events-none"[39m
                        [33mrole[39m=[32m"img"[39m
                      [36m>[39m
                        [0m📍[0m
                      [36m</span>[39m
                    [36m</div>[39m
                  [36m</div>[39m
                  [36m<div[39m
                    [33mclass[39m=[32m"relative"[39m
                  [36m>[39m
                    [36m<input[39m
                      [33mclass[39m=[32m"w-full px-4 py-2.5 bg-white text-[#3A3A3A] border border-[#3A3A3A]/25 rounded-xl focus:outline-none focus:ring-2 focus:ring-[#8367C7]/50 focus:border-[#8367C7] text-sm shadow-inner"[39m
                      [33mplaceholder[39m=[32m"Buscar locales..."[39m
                      [33mtype[39m=[32m"text"[39m
                      [33mvalue[39m=[32m""[39m
                    [36m/>[39m
                  [36m</div>[39m
                  [36m<div[39m
                    [33mclass[39m=[32m"flex gap-2 overflow-x-auto pb-1 scrollbar-none"[39m
                  [36m>[39m
                    [36m<button[39m
                      [33mclass[39m=[32m"px-3 py-1 text-xs font-bold rounded-full border transition-all duration-150 cursor-pointer whitespace-nowrap bg-[#8367C7] border-[#8367C7] text-[#F5F0E9] shadow-sm"[39m
                    [36m>[39m
                      [0mTodos[0m
                    [36m</button>[39m
                    [36m<button[39m
                      [33mclass[39m=[32m"px-3 py-1 text-xs font-bold rounded-full border transition-all duration-150 cursor-pointer whitespace-nowrap bg-white border-[#3A3A3A]/20 text-[#3A3A3A] hover:border-[#8367C7]/50"[39m
                    [36m>[39m
                      [0mCafés[0m
                    [36m</button>[39m
                    [36m<button[39m
                      [33mclass[39m=[32m"px-3 py-1 text-xs font-bold rounded-full border transition-all duration-150 cursor-pointer whitespace-nowrap bg-white border-[#3A3A3A]/20 text-[#3A3A3A] hover:border-[#8367C7]/50"[39m
                    [36m>[39m
                      [0mTiendas[0m
                    [36m</button>[39m
                    [36m<button[39m
                      [33mclass[39m=[32m"px-3 py-1 text-xs font-bold rounded-full border transition-all duration-150 cursor-pointer whitespace-nowrap bg-white border-[#3A3A3A]/20 text-[#3A3A3A] hover:border-[#8367C7]/50"[39m
                    [36m>[39m
                      [0mHíbridos[0m
                    [36m</button>[39m
                  [36m</div>[39m
                [36m</div>[39m
                [36m<div[39m
                  [33mclass[39m=[32m"flex-1 overflow-y-auto p-4 md:p-6 flex flex-col gap-3 max-h-[40vh] md:max-h-none"[39m
                  [33mdata-testid[39m=[32m"venue-list"[39m
                [36m>[39m
                  [36m<div[39m
                    [33mclass[39m=[32m"text-center py-8"[39m
                  [36m>[39m
                    [36m<span[39m
                      [33mclass[39m=[32m"text-sm font-semibold text-[#8367C7] animate-pulse"[39m
                    [36m>[39m
                      [0mCargando locales...[0m
                    [36m</span>[39m
                  [36m</div>[39m
                [36m</div>[39m
                [36m<div[39m
                  [33mclass[39m=[32m"hidden md:block p-4 bg-[#F5F0E9]/50 border-t border-[#3A3A3A]/5"[39m
                [36m>[39m
                  [36m<a[39m
                    [33mclass[39m=[32m"block text-xs font-bold text-[#8367C7] hover:underline text-center cursor-pointer"[39m
                    [33mhref[39m=[32m"/onboarding"[39m
                  [36m>[39m
                    [0m¿Eres propietario? Registrar mi Local[0m
                  [36m</a>[39m
                [36m</div>[39m
              [36m</div>[39m
            [36m</div>[39m
          [36m</main>[39m
        [36m</div>[39m
      [36m</div>[39m
    [36m</body>[39m

       5 |   it('renders the main heading "El Meeple"', () => {
       6 |     render(<Home />)
    >  7 |     const heading = screen.getByRole('heading', { level: 1 })
         |                            ^
       8 |     expect(heading).toHaveTextContent('El Meeple')
       9 |   })
      10 |

      at Object.getElementError (node_modules/@testing-library/dom/dist/config.js:37:19)
      at node_modules/@testing-library/dom/dist/query-helpers.js:76:38
      at node_modules/@testing-library/dom/dist/query-helpers.js:52:17
      at node_modules/@testing-library/dom/dist/query-helpers.js:95:19
      at Object.getByRole (src/__tests__/page.test.tsx:7:28)

  ● Home Page › renders the tagline "¿Dónde jugamos hoy?"

    TestingLibraryElementError: Unable to find an element with the text: /¿Dónde jugamos hoy\?/i. This could be because the text is broken up by multiple elements. In this case, you can provide a function for your text matcher to make your matcher more flexible.

    Ignored nodes: comments, script, style
    [36m<body>[39m
      [36m<div>[39m
        [36m<div[39m
          [33mclass[39m=[32m"flex flex-col h-screen w-screen overflow-hidden bg-[#F5F0E9]"[39m
        [36m>[39m
          [36m<header[39m
            [33mclass[39m=[32m"sticky top-0 z-50 w-full bg-[#F5F0E9]/80 backdrop-blur-md border-b border-[#3A3A3A]/10 shadow-sm px-4 md:px-8 py-3 flex items-center justify-between"[39m
          [36m>[39m
            [36m<a[39m
              [33mclass[39m=[32m"flex items-center gap-2.5 hover:opacity-90 transition-opacity"[39m
              [33mhref[39m=[32m"/"[39m
            [36m>[39m
              [36m<svg[39m
                [33mclass[39m=[32m"w-6 h-6 text-[#8367C7] flex-shrink-0"[39m
                [33mfill[39m=[32m"currentColor"[39m
                [33mviewBox[39m=[32m"0 0 24 24"[39m
                [33mxmlns[39m=[32m"http://www.w3.org/2000/svg"[39m
              [36m>[39m
                [36m<circle[39m
                  [33mcx[39m=[32m"12"[39m
                  [33mcy[39m=[32m"4.5"[39m
                  [33mr[39m=[32m"2.75"[39m
                [36m/>[39m
                [36m<path[39m
                  [33md[39m=[32m"M12,8.5 c-2.5,0 -4.5,1.2 -5.5,3.5 L4.3,16.8 c-0.4,0.8 0.2,1.7 1.1,1.7 h2.1 v4.3 c0,0.7 0.6,1.2 1.3,1.2 h1.7 l1.5,-4.5 1.5,4.5 h1.7 c0.7,0,1.3,-0.5 1.3,-1.2 v-4.3 h2.1 c0.9,0 1.5,-0.9 1.1,-1.7 l-2.2,-4.8 c-1,-2.3 -3,-3.5 -5.5,-3.5 z"[39m
                [36m/>[39m
              [36m</svg>[39m
              [36m<span[39m
                [33mclass[39m=[32m"text-lg md:text-xl font-black text-[#3A3A3A] tracking-tight"[39m
              [36m>[39m
                [0mEl Meeple[0m
              [36m</span>[39m
            [36m</a>[39m
            [36m<div[39m
              [33mclass[39m=[32m"flex items-center gap-4"[39m
            [36m>[39m
              [36m<div[39m
                [33mclass[39m=[32m"relative"[39m
              [36m>[39m
                [36m<button[39m
                  [33maria-label[39m=[32m"User Menu"[39m
                  [33mclass[39m=[32m"w-10 h-10 rounded-full bg-[#8367C7] hover:bg-[#6f53b3] text-[#F5F0E9] font-black text-sm flex items-center justify-center cursor-pointer shadow-md border-2 border-white transition-all"[39m
                [36m>[39m
                  [0mPO[0m
                [36m</button>[39m
              [36m</div>[39m
            [36m</div>[39m
          [36m</header>[39m
          [36m<main[39m
            [33mclass[39m=[32m"flex-1 relative overflow-hidden"[39m
          [36m>[39m
            [36m<div[39m
              [33mclass[39m=[32m"relative w-full h-full overflow-hidden bg-[#F5F0E9]"[39m
            [36m>[39m
              [36m<div[39m
                [33mclass[39m=[32m"absolute inset-0 w-full h-full z-0"[39m
              [36m>[39m
                [36m<div[39m
                  [33mdata-testid[39m=[32m"mock-map-container"[39m
                [36m/>[39m
              [36m</div>[39m
              [36m<div[39m
                [33mclass[39m=[32m"absolute top-0 left-0 w-full md:w-96 h-auto md:h-full bg-[#F5F0E9] text-[#3A3A3A] z-10 border-b md:border-b-0 md:border-r border-[#3A3A3A]/10 shadow-2xl flex flex-col transition-all duration-300 backdrop-blur-md bg-opacity-95 flex"[39m
              [36m>[39m
                [36m<div[39m
                  [33mclass[39m=[32m"p-4 md:px-6 md:py-4 flex flex-col gap-3 border-b border-[#3A3A3A]/5 text-sm"[39m
                [36m>[39m
                  [36m<div[39m
                    [33mclass[39m=[32m"relative w-full"[39m
                  [36m>[39m
                    [36m<div[39m
                      [33mclass[39m=[32m"relative flex items-center"[39m
                    [36m>[39m
                      [36m<input[39m
                        [33mclass[39m=[32m"w-full px-10 py-2.5 bg-white text-[#3A3A3A] border border-[#3A3A3A]/25 rounded-xl focus:outline-none focus:ring-2 focus:ring-[#8367C7]/50 focus:border-[#8367C7] text-sm shadow-inner"[39m
                        [33mplaceholder[39m=[32m"Buscar dirección o zona..."[39m
                        [33mtype[39m=[32m"text"[39m
                        [33mvalue[39m=[32m""[39m
                      [36m/>[39m
                      [36m<span[39m
                        [33maria-label[39m=[32m"pin"[39m
                        [33mclass[39m=[32m"absolute left-3.5 text-[#3A3A3A]/40 text-sm pointer-events-none"[39m
                        [33mrole[39m=[32m"img"[39m
                      [36m>[39m
                        [0m📍[0m
                      [36m</span>[39m
                    [36m</div>[39m
                  [36m</div>[39m
                  [36m<div[39m
                    [33mclass[39m=[32m"relative"[39m
                  [36m>[39m
                    [36m<input[39m
                      [33mclass[39m=[32m"w-full px-4 py-2.5 bg-white text-[#3A3A3A] border border-[#3A3A3A]/25 rounded-xl focus:outline-none focus:ring-2 focus:ring-[#8367C7]/50 focus:border-[#8367C7] text-sm shadow-inner"[39m
                      [33mplaceholder[39m=[32m"Buscar locales..."[39m
                      [33mtype[39m=[32m"text"[39m
                      [33mvalue[39m=[32m""[39m
                    [36m/>[39m
                  [36m</div>[39m
                  [36m<div[39m
                    [33mclass[39m=[32m"flex gap-2 overflow-x-auto pb-1 scrollbar-none"[39m
                  [36m>[39m
                    [36m<button[39m
                      [33mclass[39m=[32m"px-3 py-1 text-xs font-bold rounded-full border transition-all duration-150 cursor-pointer whitespace-nowrap bg-[#8367C7] border-[#8367C7] text-[#F5F0E9] shadow-sm"[39m
                    [36m>[39m
                      [0mTodos[0m
                    [36m</button>[39m
                    [36m<button[39m
                      [33mclass[39m=[32m"px-3 py-1 text-xs font-bold rounded-full border transition-all duration-150 cursor-pointer whitespace-nowrap bg-white border-[#3A3A3A]/20 text-[#3A3A3A] hover:border-[#8367C7]/50"[39m
                    [36m>[39m
                      [0mCafés[0m
                    [36m</button>[39m
                    [36m<button[39m
                      [33mclass[39m=[32m"px-3 py-1 text-xs font-bold rounded-full border transition-all duration-150 cursor-pointer whitespace-nowrap bg-white border-[#3A3A3A]/20 text-[#3A3A3A] hover:border-[#8367C7]/50"[39m
                    [36m>[39m
                      [0mTiendas[0m
                    [36m</button>[39m
                    [36m<button[39m
                      [33mclass[39m=[32m"px-3 py-1 text-xs font-bold rounded-full border transition-all duration-150 cursor-pointer whitespace-nowrap bg-white border-[#3A3A3A]/20 text-[#3A3A3A] hover:border-[#8367C7]/50"[39m
                    [36m>[39m
                      [0mHíbridos[0m
                    [36m</button>[39m
                  [36m</div>[39m
                [36m</div>[39m
                [36m<div[39m
                  [33mclass[39m=[32m"flex-1 overflow-y-auto p-4 md:p-6 flex flex-col gap-3 max-h-[40vh] md:max-h-none"[39m
                  [33mdata-testid[39m=[32m"venue-list"[39m
                [36m>[39m
                  [36m<div[39m
                    [33mclass[39m=[32m"text-center py-8"[39m
                  [36m>[39m
                    [36m<span[39m
                      [33mclass[39m=[32m"text-sm font-semibold text-[#8367C7] animate-pulse"[39m
                    [36m>[39m
                      [0mCargando locales...[0m
                    [36m</span>[39m
                  [36m</div>[39m
                [36m</div>[39m
                [36m<div[39m
                  [33mclass[39m=[32m"hidden md:block p-4 bg-[#F5F0E9]/50 border-t border-[#3A3A3A]/5"[39m
                [36m>[39m
                  [36m<a[39m
                    [33mclass[39m=[32m"block text-xs font-bold text-[#8367C7] hover:underline text-center cursor-pointer"[39m
                    [33mhref[39m=[32m"/onboarding"[39m
                  [36m>[39m
                    [0m¿Eres propietario? Registrar mi Local[0m
                  [36m</a>[39m
                [36m</div>[39m
              [36m</div>[39m
            [36m</div>[39m
          [36m</main>[39m
        [36m</div>[39m
      [36m</div>[39m
    [36m</body>[39m

      11 |   it('renders the tagline "¿Dónde jugamos hoy?"', () => {
      12 |     render(<Home />)
    > 13 |     const tagline = screen.getByText(/¿Dónde jugamos hoy\?/i)
         |                            ^
      14 |     expect(tagline).toBeInTheDocument()
      15 |   })
      16 | })

      at Object.getElementError (node_modules/@testing-library/dom/dist/config.js:37:19)
      at node_modules/@testing-library/dom/dist/query-helpers.js:76:38
      at node_modules/@testing-library/dom/dist/query-helpers.js:52:17
      at node_modules/@testing-library/dom/dist/query-helpers.js:95:19
      at Object.getByText (src/__tests__/page.test.tsx:13:28)

PASS src/__tests__/geocoder.test.tsx
  ● Console

    console.error
      An update to InteractiveMap inside a test was not wrapped in act(...).
      
      When testing, code that causes React state updates should be wrapped into act(...):
      
      act(() => {
        /* fire events that update state */
      });
      /* assert on the output */
      
      This ensures that you're testing the behavior the user would see in the browser. Learn more at https://react.dev/link/wrap-tests-with-act

      193 |           setVenues(MOCK_VENUES)
      194 |         } else {
    > 195 |           setVenues(formatted)
          |           ^
      196 |         }
      197 |       } catch (err) {
      198 |         console.warn('Unexpected error connecting to Supabase. Falling back to local mock venues.', err)

      at node_modules/react-dom/cjs/react-dom-client.development.js:18758:19
      at runWithFiberInDEV (node_modules/react-dom/cjs/react-dom-client.development.js:874:13)
      at warnIfUpdatesNotWrappedWithActDEV (node_modules/react-dom/cjs/react-dom-client.development.js:18757:9)
      at scheduleUpdateOnFiber (node_modules/react-dom/cjs/react-dom-client.development.js:16409:11)
      at dispatchSetStateInternal (node_modules/react-dom/cjs/react-dom-client.development.js:9170:13)
      at dispatchSetState (node_modules/react-dom/cjs/react-dom-client.development.js:9127:7)
      at setVenues (src/components/InteractiveMap.tsx:195:11)

    console.error
      An update to InteractiveMap inside a test was not wrapped in act(...).
      
      When testing, code that causes React state updates should be wrapped into act(...):
      
      act(() => {
        /* fire events that update state */
      });
      /* assert on the output */
      
      This ensures that you're testing the behavior the user would see in the browser. Learn more at https://react.dev/link/wrap-tests-with-act

      199 |         setVenues(MOCK_VENUES)
      200 |       } finally {
    > 201 |         setLoading(false)
          |         ^
      202 |       }
      203 |     }
      204 |

      at node_modules/react-dom/cjs/react-dom-client.development.js:18758:19
      at runWithFiberInDEV (node_modules/react-dom/cjs/react-dom-client.development.js:874:13)
      at warnIfUpdatesNotWrappedWithActDEV (node_modules/react-dom/cjs/react-dom-client.development.js:18757:9)
      at scheduleUpdateOnFiber (node_modules/react-dom/cjs/react-dom-client.development.js:16409:11)
      at dispatchSetStateInternal (node_modules/react-dom/cjs/react-dom-client.development.js:9170:13)
      at dispatchSetState (node_modules/react-dom/cjs/react-dom-client.development.js:9127:7)
      at setLoading (src/components/InteractiveMap.tsx:201:9)

PASS src/__tests__/milestone3.test.tsx
PASS src/__tests__/quick-view.test.tsx
  ● Console

    console.error
      An update to InteractiveMap inside a test was not wrapped in act(...).
      
      When testing, code that causes React state updates should be wrapped into act(...):
      
      act(() => {
        /* fire events that update state */
      });
      /* assert on the output */
      
      This ensures that you're testing the behavior the user would see in the browser. Learn more at https://react.dev/link/wrap-tests-with-act

      193 |           setVenues(MOCK_VENUES)
      194 |         } else {
    > 195 |           setVenues(formatted)
          |           ^
      196 |         }
      197 |       } catch (err) {
      198 |         console.warn('Unexpected error connecting to Supabase. Falling back to local mock venues.', err)

      at node_modules/react-dom/cjs/react-dom-client.development.js:18758:19
      at runWithFiberInDEV (node_modules/react-dom/cjs/react-dom-client.development.js:874:13)
      at warnIfUpdatesNotWrappedWithActDEV (node_modules/react-dom/cjs/react-dom-client.development.js:18757:9)
      at scheduleUpdateOnFiber (node_modules/react-dom/cjs/react-dom-client.development.js:16409:11)
      at dispatchSetStateInternal (node_modules/react-dom/cjs/react-dom-client.development.js:9170:13)
      at dispatchSetState (node_modules/react-dom/cjs/react-dom-client.development.js:9127:7)
      at setVenues (src/components/InteractiveMap.tsx:195:11)

    console.error
      An update to InteractiveMap inside a test was not wrapped in act(...).
      
      When testing, code that causes React state updates should be wrapped into act(...):
      
      act(() => {
        /* fire events that update state */
      });
      /* assert on the output */
      
      This ensures that you're testing the behavior the user would see in the browser. Learn more at https://react.dev/link/wrap-tests-with-act

      199 |         setVenues(MOCK_VENUES)
      200 |       } finally {
    > 201 |         setLoading(false)
          |         ^
      202 |       }
      203 |     }
      204 |

      at node_modules/react-dom/cjs/react-dom-client.development.js:18758:19
      at runWithFiberInDEV (node_modules/react-dom/cjs/react-dom-client.development.js:874:13)
      at warnIfUpdatesNotWrappedWithActDEV (node_modules/react-dom/cjs/react-dom-client.development.js:18757:9)
      at scheduleUpdateOnFiber (node_modules/react-dom/cjs/react-dom-client.development.js:16409:11)
      at dispatchSetStateInternal (node_modules/react-dom/cjs/react-dom-client.development.js:9170:13)
      at dispatchSetState (node_modules/react-dom/cjs/react-dom-client.development.js:9127:7)
      at setLoading (src/components/InteractiveMap.tsx:201:9)

PASS src/__tests__/sidebar.test.tsx
  ● Console

    console.error
      An update to InteractiveMap inside a test was not wrapped in act(...).
      
      When testing, code that causes React state updates should be wrapped into act(...):
      
      act(() => {
        /* fire events that update state */
      });
      /* assert on the output */
      
      This ensures that you're testing the behavior the user would see in the browser. Learn more at https://react.dev/link/wrap-tests-with-act

      193 |           setVenues(MOCK_VENUES)
      194 |         } else {
    > 195 |           setVenues(formatted)
          |           ^
      196 |         }
      197 |       } catch (err) {
      198 |         console.warn('Unexpected error connecting to Supabase. Falling back to local mock venues.', err)

      at node_modules/react-dom/cjs/react-dom-client.development.js:18758:19
      at runWithFiberInDEV (node_modules/react-dom/cjs/react-dom-client.development.js:874:13)
      at warnIfUpdatesNotWrappedWithActDEV (node_modules/react-dom/cjs/react-dom-client.development.js:18757:9)
      at scheduleUpdateOnFiber (node_modules/react-dom/cjs/react-dom-client.development.js:16409:11)
      at dispatchSetStateInternal (node_modules/react-dom/cjs/react-dom-client.development.js:9170:13)
      at dispatchSetState (node_modules/react-dom/cjs/react-dom-client.development.js:9127:7)
      at setVenues (src/components/InteractiveMap.tsx:195:11)

    console.error
      An update to InteractiveMap inside a test was not wrapped in act(...).
      
      When testing, code that causes React state updates should be wrapped into act(...):
      
      act(() => {
        /* fire events that update state */
      });
      /* assert on the output */
      
      This ensures that you're testing the behavior the user would see in the browser. Learn more at https://react.dev/link/wrap-tests-with-act

      199 |         setVenues(MOCK_VENUES)
      200 |       } finally {
    > 201 |         setLoading(false)
          |         ^
      202 |       }
      203 |     }
      204 |

      at node_modules/react-dom/cjs/react-dom-client.development.js:18758:19
      at runWithFiberInDEV (node_modules/react-dom/cjs/react-dom-client.development.js:874:13)
      at warnIfUpdatesNotWrappedWithActDEV (node_modules/react-dom/cjs/react-dom-client.development.js:18757:9)
      at scheduleUpdateOnFiber (node_modules/react-dom/cjs/react-dom-client.development.js:16409:11)
      at dispatchSetStateInternal (node_modules/react-dom/cjs/react-dom-client.development.js:9170:13)
      at dispatchSetState (node_modules/react-dom/cjs/react-dom-client.development.js:9127:7)
      at setLoading (src/components/InteractiveMap.tsx:201:9)

PASS src/__tests__/auth_navigation.test.tsx
PASS src/__tests__/venue-profile.test.tsx
  ● Console

    console.error
      An update to VenueProfileClient inside a test was not wrapped in act(...).
      
      When testing, code that causes React state updates should be wrapped into act(...):
      
      act(() => {
        /* fire events that update state */
      });
      /* assert on the output */
      
      This ensures that you're testing the behavior the user would see in the browser. Learn more at https://react.dev/link/wrap-tests-with-act

      57 |           .single()
      58 |
    > 59 |         setIsFavorite(!!fav)
         |         ^
      60 |       }
      61 |     }
      62 |     fetchFavoriteStatus()

      at node_modules/react-dom/cjs/react-dom-client.development.js:18758:19
      at runWithFiberInDEV (node_modules/react-dom/cjs/react-dom-client.development.js:874:13)
      at warnIfUpdatesNotWrappedWithActDEV (node_modules/react-dom/cjs/react-dom-client.development.js:18757:9)
      at scheduleUpdateOnFiber (node_modules/react-dom/cjs/react-dom-client.development.js:16409:11)
      at dispatchSetStateInternal (node_modules/react-dom/cjs/react-dom-client.development.js:9170:13)
      at dispatchSetState (node_modules/react-dom/cjs/react-dom-client.development.js:9127:7)
      at setIsFavorite (src/app/venue/[slug]/VenueProfileClient.tsx:59:9)

PASS src/__tests__/dashboards.test.tsx
  ● Console

    console.error
      An update to AdminDashboardClient inside a test was not wrapped in act(...).
      
      When testing, code that causes React state updates should be wrapped into act(...):
      
      act(() => {
        /* fire events that update state */
      });
      /* assert on the output */
      
      This ensures that you're testing the behavior the user would see in the browser. Learn more at https://react.dev/link/wrap-tests-with-act

      46 |       const res = await approveVenue(id)
      47 |       if (res.success) {
    > 48 |         setVenues(prev =>
         |         ^
      49 |           prev.map(v => (v.id === id ? { ...v, verification_status: 'approved', verified: true } : v))
      50 |         )
      51 |         setSelectedVenue(null)

      at node_modules/react-dom/cjs/react-dom-client.development.js:18758:19
      at runWithFiberInDEV (node_modules/react-dom/cjs/react-dom-client.development.js:874:13)
      at warnIfUpdatesNotWrappedWithActDEV (node_modules/react-dom/cjs/react-dom-client.development.js:18757:9)
      at scheduleUpdateOnFiber (node_modules/react-dom/cjs/react-dom-client.development.js:16409:11)
      at dispatchSetStateInternal (node_modules/react-dom/cjs/react-dom-client.development.js:9170:13)
      at dispatchSetState (node_modules/react-dom/cjs/react-dom-client.development.js:9127:7)
      at setVenues (src/app/admin/AdminDashboardClient.tsx:48:9)

    console.error
      An update to AdminDashboardClient inside a test was not wrapped in act(...).
      
      When testing, code that causes React state updates should be wrapped into act(...):
      
      act(() => {
        /* fire events that update state */
      });
      /* assert on the output */
      
      This ensures that you're testing the behavior the user would see in the browser. Learn more at https://react.dev/link/wrap-tests-with-act

      49 |           prev.map(v => (v.id === id ? { ...v, verification_status: 'approved', verified: true } : v))
      50 |         )
    > 51 |         setSelectedVenue(null)
         |         ^
      52 |         router.refresh()
      53 |       } else {
      54 |         alert(`Error al aprobar: ${res.error}`)

      at node_modules/react-dom/cjs/react-dom-client.development.js:18758:19
      at runWithFiberInDEV (node_modules/react-dom/cjs/react-dom-client.development.js:874:13)
      at warnIfUpdatesNotWrappedWithActDEV (node_modules/react-dom/cjs/react-dom-client.development.js:18757:9)
      at scheduleUpdateOnFiber (node_modules/react-dom/cjs/react-dom-client.development.js:16409:11)
      at dispatchSetStateInternal (node_modules/react-dom/cjs/react-dom-client.development.js:9170:13)
      at dispatchSetState (node_modules/react-dom/cjs/react-dom-client.development.js:9127:7)
      at setSelectedVenue (src/app/admin/AdminDashboardClient.tsx:51:9)

    console.error
      An update to AdminDashboardClient inside a test was not wrapped in act(...).
      
      When testing, code that causes React state updates should be wrapped into act(...):
      
      act(() => {
        /* fire events that update state */
      });
      /* assert on the output */
      
      This ensures that you're testing the behavior the user would see in the browser. Learn more at https://react.dev/link/wrap-tests-with-act

      58 |       alert('Error de conexión.')
      59 |     } finally {
    > 60 |       setLoadingAction(false)
         |       ^
      61 |     }
      62 |   }
      63 |

      at node_modules/react-dom/cjs/react-dom-client.development.js:18758:19
      at runWithFiberInDEV (node_modules/react-dom/cjs/react-dom-client.development.js:874:13)
      at warnIfUpdatesNotWrappedWithActDEV (node_modules/react-dom/cjs/react-dom-client.development.js:18757:9)
      at scheduleUpdateOnFiber (node_modules/react-dom/cjs/react-dom-client.development.js:16409:11)
      at dispatchSetStateInternal (node_modules/react-dom/cjs/react-dom-client.development.js:9170:13)
      at dispatchSetState (node_modules/react-dom/cjs/react-dom-client.development.js:9127:7)
      at setLoadingAction (src/app/admin/AdminDashboardClient.tsx:60:7)

    console.error
      An update to AdminDashboardClient inside a test was not wrapped in act(...).
      
      When testing, code that causes React state updates should be wrapped into act(...):
      
      act(() => {
        /* fire events that update state */
      });
      /* assert on the output */
      
      This ensures that you're testing the behavior the user would see in the browser. Learn more at https://react.dev/link/wrap-tests-with-act

      71 |       const res = await rejectVenue(id, rejectionReason)
      72 |       if (res.success) {
    > 73 |         setVenues(prev =>
         |         ^
      74 |           prev.map(v =>
      75 |             v.id === id
      76 |               ? { ...v, verification_status: 'rejected', verified: false, rejection_reason: rejectionReason }

      at node_modules/react-dom/cjs/react-dom-client.development.js:18758:19
      at runWithFiberInDEV (node_modules/react-dom/cjs/react-dom-client.development.js:874:13)
      at warnIfUpdatesNotWrappedWithActDEV (node_modules/react-dom/cjs/react-dom-client.development.js:18757:9)
      at scheduleUpdateOnFiber (node_modules/react-dom/cjs/react-dom-client.development.js:16409:11)
      at dispatchSetStateInternal (node_modules/react-dom/cjs/react-dom-client.development.js:9170:13)
      at dispatchSetState (node_modules/react-dom/cjs/react-dom-client.development.js:9127:7)
      at setVenues (src/app/admin/AdminDashboardClient.tsx:73:9)

    console.error
      An update to AdminDashboardClient inside a test was not wrapped in act(...).
      
      When testing, code that causes React state updates should be wrapped into act(...):
      
      act(() => {
        /* fire events that update state */
      });
      /* assert on the output */
      
      This ensures that you're testing the behavior the user would see in the browser. Learn more at https://react.dev/link/wrap-tests-with-act

      78 |           )
      79 |         )
    > 80 |         setSelectedVenue(null)
         |         ^
      81 |         setShowRejectForm(false)
      82 |         setRejectionReason('')
      83 |         router.refresh()

      at node_modules/react-dom/cjs/react-dom-client.development.js:18758:19
      at runWithFiberInDEV (node_modules/react-dom/cjs/react-dom-client.development.js:874:13)
      at warnIfUpdatesNotWrappedWithActDEV (node_modules/react-dom/cjs/react-dom-client.development.js:18757:9)
      at scheduleUpdateOnFiber (node_modules/react-dom/cjs/react-dom-client.development.js:16409:11)
      at dispatchSetStateInternal (node_modules/react-dom/cjs/react-dom-client.development.js:9170:13)
      at dispatchSetState (node_modules/react-dom/cjs/react-dom-client.development.js:9127:7)
      at setSelectedVenue (src/app/admin/AdminDashboardClient.tsx:80:9)

    console.error
      An update to AdminDashboardClient inside a test was not wrapped in act(...).
      
      When testing, code that causes React state updates should be wrapped into act(...):
      
      act(() => {
        /* fire events that update state */
      });
      /* assert on the output */
      
      This ensures that you're testing the behavior the user would see in the browser. Learn more at https://react.dev/link/wrap-tests-with-act

      79 |         )
      80 |         setSelectedVenue(null)
    > 81 |         setShowRejectForm(false)
         |         ^
      82 |         setRejectionReason('')
      83 |         router.refresh()
      84 |       } else {

      at node_modules/react-dom/cjs/react-dom-client.development.js:18758:19
      at runWithFiberInDEV (node_modules/react-dom/cjs/react-dom-client.development.js:874:13)
      at warnIfUpdatesNotWrappedWithActDEV (node_modules/react-dom/cjs/react-dom-client.development.js:18757:9)
      at scheduleUpdateOnFiber (node_modules/react-dom/cjs/react-dom-client.development.js:16409:11)
      at dispatchSetStateInternal (node_modules/react-dom/cjs/react-dom-client.development.js:9170:13)
      at dispatchSetState (node_modules/react-dom/cjs/react-dom-client.development.js:9127:7)
      at setShowRejectForm (src/app/admin/AdminDashboardClient.tsx:81:9)

    console.error
      An update to AdminDashboardClient inside a test was not wrapped in act(...).
      
      When testing, code that causes React state updates should be wrapped into act(...):
      
      act(() => {
        /* fire events that update state */
      });
      /* assert on the output */
      
      This ensures that you're testing the behavior the user would see in the browser. Learn more at https://react.dev/link/wrap-tests-with-act

      80 |         setSelectedVenue(null)
      81 |         setShowRejectForm(false)
    > 82 |         setRejectionReason('')
         |         ^
      83 |         router.refresh()
      84 |       } else {
      85 |         alert(`Error al rechazar: ${res.error}`)

      at node_modules/react-dom/cjs/react-dom-client.development.js:18758:19
      at runWithFiberInDEV (node_modules/react-dom/cjs/react-dom-client.development.js:874:13)
      at warnIfUpdatesNotWrappedWithActDEV (node_modules/react-dom/cjs/react-dom-client.development.js:18757:9)
      at scheduleUpdateOnFiber (node_modules/react-dom/cjs/react-dom-client.development.js:16409:11)
      at dispatchSetStateInternal (node_modules/react-dom/cjs/react-dom-client.development.js:9170:13)
      at dispatchSetState (node_modules/react-dom/cjs/react-dom-client.development.js:9127:7)
      at setRejectionReason (src/app/admin/AdminDashboardClient.tsx:82:9)

    console.error
      An update to AdminDashboardClient inside a test was not wrapped in act(...).
      
      When testing, code that causes React state updates should be wrapped into act(...):
      
      act(() => {
        /* fire events that update state */
      });
      /* assert on the output */
      
      This ensures that you're testing the behavior the user would see in the browser. Learn more at https://react.dev/link/wrap-tests-with-act

      89 |       alert('Error de conexión.')
      90 |     } finally {
    > 91 |       setLoadingAction(false)
         |       ^
      92 |     }
      93 |   }
      94 |

      at node_modules/react-dom/cjs/react-dom-client.development.js:18758:19
      at runWithFiberInDEV (node_modules/react-dom/cjs/react-dom-client.development.js:874:13)
      at warnIfUpdatesNotWrappedWithActDEV (node_modules/react-dom/cjs/react-dom-client.development.js:18757:9)
      at scheduleUpdateOnFiber (node_modules/react-dom/cjs/react-dom-client.development.js:16409:11)
      at dispatchSetStateInternal (node_modules/react-dom/cjs/react-dom-client.development.js:9170:13)
      at dispatchSetState (node_modules/react-dom/cjs/react-dom-client.development.js:9127:7)
      at setLoadingAction (src/app/admin/AdminDashboardClient.tsx:91:7)

PASS src/__tests__/milestone2.test.tsx
PASS src/__tests__/onboarding.test.tsx

Test Suites: 2 failed, 10 passed, 12 total
Tests:       3 failed, 48 passed, 51 total
Snapshots:   0 total
Time:        2.261 s
Ran all test suites.
